[ERROR] 2026-01-21 08:58:24 - ib_insync.wrapper: Error 201, reqId 275994: Order rejected - reason:YOUR ORDER IS NOT ACCEPTED. IN ORDER TO OBTAIN THE DESIRED POSITION YOUR EQUITY WITH LOAN VALUE [1045301.09 USD] MUST EXCEED THE INITIAL MARGIN [1102867.26 USD]
